BL51 BANKED LINKER/LOCATER V6.22.4.0                                                    11/04/2025  22:31:50  PAGE 1


BL51 BANKED LINKER/LOCATER V6.22.4.0, INVOKED BY:
C:\USERS\17563\SL\IDE\KEIL_C51\C51\BIN\BL51.EXE .\Objects\STARTUP.obj, .\Objects\main.obj, .\Objects\OLED.obj TO .\Objec
>> ts\course_des PRINT (.\Listings\course_des.m51) RAMSIZE (256)


MEMORY MODEL: SMALL


INPUT MODULES INCLUDED:
  .\Objects\STARTUP.obj (?C_STARTUP)
  .\Objects\main.obj (MAIN)
  .\Objects\OLED.obj (OLED)
  C:\USERS\17563\SL\IDE\KEIL_C51\C51\LIB\C51S.LIB (?C_INIT)
  C:\USERS\17563\SL\IDE\KEIL_C51\C51\LIB\C51S.LIB (?C?COPY)
  C:\USERS\17563\SL\IDE\KEIL_C51\C51\LIB\C51S.LIB (?C?CLDOPTR)
  C:\USERS\17563\SL\IDE\KEIL_C51\C51\LIB\C51S.LIB (?C?CSTPTR)
  C:\USERS\17563\SL\IDE\KEIL_C51\C51\LIB\C51S.LIB (?C?CSTOPTR)
  C:\USERS\17563\SL\IDE\KEIL_C51\C51\LIB\C51S.LIB (?C?IMUL)
  C:\USERS\17563\SL\IDE\KEIL_C51\C51\LIB\C51S.LIB (?C?ULDIV)
  C:\USERS\17563\SL\IDE\KEIL_C51\C51\LIB\C51S.LIB (?C?ULCMP)


LINK MAP OF MODULE:  .\Objects\course_des (?C_STARTUP)


            TYPE    BASE      LENGTH    RELOCATION   SEGMENT NAME
            -----------------------------------------------------

            * * * * * * *   D A T A   M E M O R Y   * * * * * * *
            REG     0000H     0008H     ABSOLUTE     "REG BANK 0"
            DATA    0008H     0022H     UNIT         _DATA_GROUP_
            DATA    002AH     0017H     UNIT         ?DT?_OLED_DISPNUM?OLED
            DATA    0041H     000EH     UNIT         ?DT?MAIN
            IDATA   004FH     0001H     UNIT         ?STACK

            * * * * * * *   C O D E   M E M O R Y   * * * * * * *
            CODE    0000H     0003H     ABSOLUTE     
                    0003H     0008H                  *** GAP ***
            CODE    000BH     0003H     ABSOLUTE     
                    000EH     000DH                  *** GAP ***
            CODE    001BH     0003H     ABSOLUTE     
                    001EH     07E2H                  *** GAP ***
            CODE    0800H     0248H     UNIT         ?C?LIB_CODE
            CODE    0A48H     017FH     UNIT         ?PR?TIME0?MAIN
            CODE    0BC7H     0113H     UNIT         ?PR?_FLOAT32_TO_STR?OLED
            CODE    0CDAH     0108H     UNIT         ?CO?OLED
            CODE    0DE2H     00FDH     UNIT         ?PR?MAIN?MAIN
            CODE    0EDFH     009EH     UNIT         ?PR?INIT_OLED?OLED
            CODE    0F7DH     008CH     UNIT         ?C_C51STARTUP
            CODE    1009H     007DH     UNIT         ?PR?_OLED_DISPSTRING_6X8?OLED
            CODE    1086H     0055H     UNIT         ?PR?_OLED_DISPNUM_2?OLED
            CODE    10DBH     0031H     UNIT         ?PR?_OLED_DISPNUM?OLED
            CODE    110CH     0030H     UNIT         ?PR?TIME1?MAIN
            CODE    113CH     0028H     UNIT         ?PR?_I2C_WRITE_BYTE?OLED
            CODE    1164H     0027H     UNIT         ?C_INITSEG
            CODE    118BH     0025H     UNIT         ?CO?MAIN
            CODE    11B0H     0025H     UNIT         ?PR?_OLED_FILL?OLED
            CODE    11D5H     001EH     UNIT         ?PR?_DELAY_MS?MAIN
BL51 BANKED LINKER/LOCATER V6.22.4.0                                                  11/04/2025  22:31:50  PAGE 2


            CODE    11F3H     001EH     UNIT         ?PR?_OLED_SET_POS?OLED
            CODE    1211H     0010H     UNIT         ?PR?_OLED_WRITE_BYTE?OLED
            CODE    1221H     0010H     UNIT         ?PR?_OLED_WRITE_COMMAND?OLED
            CODE    1231H     0009H     UNIT         ?PR?I2C_START?OLED
            CODE    123AH     0009H     UNIT         ?PR?I2C_STOP?OLED



OVERLAY MAP OF MODULE:   .\Objects\course_des (?C_STARTUP)


SEGMENT                                 DATA_GROUP 
  +--> CALLED SEGMENT                 START    LENGTH
-----------------------------------------------------
?C_C51STARTUP                         -----    -----
  +--> ?PR?MAIN?MAIN
  +--> ?C_INITSEG

?PR?MAIN?MAIN                         -----    -----
  +--> ?PR?INIT_OLED?OLED
  +--> ?PR?_OLED_FILL?OLED
  +--> ?CO?MAIN
  +--> ?PR?_OLED_DISPSTRING_6X8?OLED
  +--> ?PR?_OLED_DISPNUM_2?OLED
  +--> ?PR?_DELAY_MS?MAIN

?PR?INIT_OLED?OLED                    -----    -----
  +--> ?PR?_DELAY_MS?MAIN
  +--> ?PR?_OLED_WRITE_COMMAND?OLED
  +--> ?PR?_OLED_FILL?OLED
  +--> ?PR?_OLED_SET_POS?OLED

?PR?_OLED_WRITE_COMMAND?OLED          -----    -----
  +--> ?PR?_I2C_WRITE_BYTE?OLED
  +--> ?PR?I2C_STOP?OLED

?PR?_I2C_WRITE_BYTE?OLED              -----    -----
  +--> ?PR?I2C_START?OLED

?PR?_OLED_FILL?OLED                   -----    -----
  +--> ?PR?_OLED_WRITE_COMMAND?OLED
  +--> ?PR?_OLED_WRITE_BYTE?OLED

?PR?_OLED_WRITE_BYTE?OLED             -----    -----
  +--> ?PR?_I2C_WRITE_BYTE?OLED
  +--> ?PR?I2C_STOP?OLED

?PR?_OLED_SET_POS?OLED                -----    -----
  +--> ?PR?_OLED_WRITE_COMMAND?OLED

?PR?_OLED_DISPSTRING_6X8?OLED         001FH    0008H
  +--> ?PR?_OLED_SET_POS?OLED
  +--> ?CO?OLED
  +--> ?PR?_OLED_WRITE_BYTE?OLED

?PR?_OLED_DISPNUM_2?OLED              0008H    0017H
  +--> ?CO?OLED
BL51 BANKED LINKER/LOCATER V6.22.4.0                                                  11/04/2025  22:31:50  PAGE 3


  +--> ?PR?_FLOAT32_TO_STR?OLED
  +--> ?PR?_OLED_DISPSTRING_6X8?OLED

?PR?_FLOAT32_TO_STR?OLED              001FH    000BH

*** NEW ROOT ***************************************************

?PR?TIME0?MAIN                        -----    -----
  +--> ?PR?_OLED_FILL?OLED



SYMBOL TABLE OF MODULE:  .\Objects\course_des (?C_STARTUP)

  VALUE           TYPE          NAME
  ----------------------------------

  -------         MODULE        ?C_STARTUP
  C:0F7DH         SEGMENT       ?C_C51STARTUP
  I:004FH         SEGMENT       ?STACK
  C:0000H         PUBLIC        ?C_STARTUP
  D:00E0H         SYMBOL        ACC
  D:00F0H         SYMBOL        B
  D:0083H         SYMBOL        DPH
  D:0082H         SYMBOL        DPL
  N:0000H         SYMBOL        IBPSTACK
  N:0100H         SYMBOL        IBPSTACKTOP
  N:0080H         SYMBOL        IDATALEN
  C:0F80H         SYMBOL        IDATALOOP
  N:0000H         SYMBOL        PBPSTACK
  N:0100H         SYMBOL        PBPSTACKTOP
  N:0000H         SYMBOL        PDATALEN
  N:0000H         SYMBOL        PDATASTART
  N:0000H         SYMBOL        PPAGE
  N:0000H         SYMBOL        PPAGEENABLE
  D:00A0H         SYMBOL        PPAGE_SFR
  D:0081H         SYMBOL        SP
  C:0F7DH         SYMBOL        STARTUP1
  N:0000H         SYMBOL        XBPSTACK
  N:0000H         SYMBOL        XBPSTACKTOP
  N:0000H         SYMBOL        XDATALEN
  N:0000H         SYMBOL        XDATASTART
  C:0000H         LINE#         126
  C:0F7DH         LINE#         133
  C:0F7FH         LINE#         134
  C:0F80H         LINE#         135
  C:0F81H         LINE#         136
  C:0F83H         LINE#         185
  C:0F86H         LINE#         196
  -------         ENDMOD        ?C_STARTUP

  -------         MODULE        MAIN
  C:0000H         SYMBOL        _ICE_DUMMY_
  D:0090H         PUBLIC        P1
  D:00A0H         PUBLIC        P2
  D:00B0H         PUBLIC        P3
  B:00A8H.7       PUBLIC        EA
BL51 BANKED LINKER/LOCATER V6.22.4.0                                                  11/04/2025  22:31:50  PAGE 4


  D:0041H         PUBLIC        PWM_time
  D:0042H         PUBLIC        alarm
  B:00A0H.1       PUBLIC        BZ
  D:0043H         PUBLIC        page
  C:0DE2H         PUBLIC        main
  D:0044H         PUBLIC        mode
  D:0045H         PUBLIC        time
  D:0089H         PUBLIC        TMOD
  D:0047H         PUBLIC        sel
  D:0048H         PUBLIC        flu
  D:004AH         PUBLIC        PWM_s
  B:00A8H.1       PUBLIC        ET0
  B:00A8H.3       PUBLIC        ET1
  D:008CH         PUBLIC        TH0
  D:008DH         PUBLIC        TH1
  D:008AH         PUBLIC        TL0
  D:008BH         PUBLIC        TL1
  C:11D5H         PUBLIC        _delay_ms
  B:0088H.4       PUBLIC        TR0
  B:0088H.6       PUBLIC        TR1
  D:004BH         PUBLIC        set_time
  C:0A48H         PUBLIC        time0
  C:110CH         PUBLIC        time1
  D:004CH         PUBLIC        pre_key
  B:00A0H.0       PUBLIC        PWM
  D:004DH         PUBLIC        cur_key
  D:004EH         PUBLIC        PWM_mode
  -------         PROC          TIME0
  C:0A48H         LINE#         44
  C:0A65H         LINE#         46
  C:0A68H         LINE#         47
  C:0A6BH         LINE#         49
  C:0A73H         LINE#         50
  C:0A73H         LINE#         51
  C:0A7BH         LINE#         52
  C:0A84H         LINE#         53
  C:0A84H         LINE#         54
  C:0A86H         LINE#         59
  C:0A8CH         LINE#         60
  C:0A8CH         LINE#         61
  C:0A8EH         LINE#         62
  C:0A94H         LINE#         63
  C:0A94H         LINE#         65
  C:0A97H         LINE#         66
  C:0A9AH         LINE#         67
  C:0A9DH         LINE#         68
  C:0AA0H         LINE#         69
  C:0AA2H         LINE#         71
  C:0AA2H         LINE#         72
  C:0AA5H         LINE#         73
  C:0AA5H         LINE#         78
  C:0AA5H         LINE#         79
  C:0AABH         LINE#         80
  C:0AABH         LINE#         81
  C:0AABH         LINE#         83
  C:0AAEH         LINE#         84
  C:0AB7H         LINE#         85
BL51 BANKED LINKER/LOCATER V6.22.4.0                                                  11/04/2025  22:31:50  PAGE 5


  C:0AB7H         LINE#         86
  C:0ABFH         LINE#         87
  C:0ABFH         LINE#         88
  C:0ACEH         LINE#         89
  C:0ACEH         LINE#         90
  C:0AD5H         LINE#         91
  C:0AD5H         LINE#         92
  C:0AD9H         LINE#         93
  C:0AD9H         LINE#         94
  C:0AE5H         LINE#         95
  C:0AE8H         LINE#         97
  C:0AE8H         LINE#         98
  C:0AEEH         LINE#         99
  C:0AEEH         LINE#         100
  C:0AF4H         LINE#         101
  C:0AF4H         LINE#         102
  C:0AFAH         LINE#         104
  C:0B25H         LINE#         105
  C:0B25H         LINE#         106
  C:0B2CH         LINE#         109
  C:0B2CH         LINE#         110
  C:0B2EH         LINE#         112
  C:0B2EH         LINE#         113
  C:0B34H         LINE#         114
  C:0B34H         LINE#         115
  C:0B36H         LINE#         116
  C:0B38H         LINE#         117
  C:0B38H         LINE#         118
  C:0B38H         LINE#         119
  C:0B3AH         LINE#         121
  C:0B3AH         LINE#         122
  C:0B3FH         LINE#         123
  C:0B3FH         LINE#         124
  C:0B47H         LINE#         125
  C:0B47H         LINE#         126
  C:0B52H         LINE#         127
  C:0B54H         LINE#         129
  C:0B54H         LINE#         135
  C:0B55H         LINE#         136
  C:0B55H         LINE#         137
  C:0B57H         LINE#         139
  C:0B57H         LINE#         140
  C:0B5BH         LINE#         141
  C:0B5BH         LINE#         142
  C:0B5DH         LINE#         143
  C:0B63H         LINE#         144
  C:0B63H         LINE#         145
  C:0B63H         LINE#         146
  C:0B63H         LINE#         147
  C:0B63H         LINE#         148
  C:0B63H         LINE#         149
  C:0B65H         LINE#         150
  C:0B6AH         LINE#         151
  C:0B6AH         LINE#         153
  C:0B6CH         LINE#         154
  C:0B73H         LINE#         155
  C:0B73H         LINE#         156
BL51 BANKED LINKER/LOCATER V6.22.4.0                                                  11/04/2025  22:31:50  PAGE 6


  C:0B76H         LINE#         157
  C:0B76H         LINE#         158
  C:0B78H         LINE#         159
  C:0B7EH         LINE#         160
  C:0B7EH         LINE#         162
  C:0B8AH         LINE#         163
  C:0B8DH         LINE#         164
  C:0B91H         LINE#         165
  C:0B94H         LINE#         166
  C:0B96H         LINE#         167
  C:0B99H         LINE#         168
  C:0B99H         LINE#         169
  C:0B9FH         LINE#         171
  C:0BA4H         LINE#         172
  C:0BA9H         LINE#         173
  C:0BA9H         LINE#         174
  C:0BA9H         LINE#         175
  C:0BACH         LINE#         176
  C:0BACH         LINE#         177
  -------         ENDPROC       TIME0
  -------         PROC          TIME1
  C:110CH         LINE#         180
  C:1110H         LINE#         182
  C:1113H         LINE#         183
  C:1116H         LINE#         184
  C:111AH         LINE#         185
  C:111AH         LINE#         186
  C:1121H         LINE#         187
  C:1121H         LINE#         188
  C:1123H         LINE#         189
  C:1125H         LINE#         191
  C:1125H         LINE#         192
  C:1127H         LINE#         193
  C:1127H         LINE#         194
  C:1129H         LINE#         195
  C:1130H         LINE#         196
  C:1133H         LINE#         197
  C:1135H         LINE#         199
  C:1135H         LINE#         200
  C:1137H         LINE#         201
  C:1137H         LINE#         202
  -------         ENDPROC       TIME1
  -------         PROC          MAIN
  C:0DE2H         LINE#         204
  C:0DE2H         LINE#         205
  C:0DE2H         LINE#         206
  C:0DE5H         LINE#         208
  C:0DE8H         LINE#         209
  C:0DEBH         LINE#         211
  C:0DEEH         LINE#         212
  C:0DF1H         LINE#         214
  C:0DF3H         LINE#         215
  C:0DF5H         LINE#         216
  C:0DF7H         LINE#         218
  C:0DF9H         LINE#         219
  C:0DFBH         LINE#         221
  C:0DFEH         LINE#         222
BL51 BANKED LINKER/LOCATER V6.22.4.0                                                  11/04/2025  22:31:50  PAGE 7


  C:0E03H         LINE#         224
  C:0E03H         LINE#         225
  C:0E03H         LINE#         226
  C:0E0DH         LINE#         227
  C:0E11H         LINE#         228
  C:0E11H         LINE#         229
  C:0E17H         LINE#         230
  C:0E1DH         LINE#         232
  C:0E25H         LINE#         233
  C:0E27H         LINE#         235
  C:0E27H         LINE#         236
  C:0E34H         LINE#         237
  C:0E38H         LINE#         238
  C:0E40H         LINE#         239
  C:0E47H         LINE#         240
  C:0E4DH         LINE#         242
  C:0E58H         LINE#         243
  C:0E65H         LINE#         244
  C:0E6BH         LINE#         245
  C:0E6BH         LINE#         246
  C:0E6FH         LINE#         247
  C:0E71H         LINE#         249
  C:0E71H         LINE#         250
  C:0E7CH         LINE#         251
  C:0E7CH         LINE#         252
  C:0E7CH         LINE#         253
  C:0E89H         LINE#         254
  C:0E92H         LINE#         255
  C:0E9FH         LINE#         256
  C:0EA8H         LINE#         257
  C:0EACH         LINE#         258
  C:0EB4H         LINE#         259
  C:0EBBH         LINE#         260
  C:0EC1H         LINE#         262
  C:0ECCH         LINE#         263
  C:0ED5H         LINE#         264
  C:0EDCH         LINE#         265
  -------         ENDPROC       MAIN
  -------         PROC          _DELAY_MS
  D:0006H         SYMBOL        ms_number
  -------         DO            
  D:0004H         SYMBOL        i
  D:0003H         SYMBOL        j
  -------         ENDDO         
  C:11D5H         LINE#         268
  C:11D5H         LINE#         269
  C:11D5H         LINE#         272
  C:11DFH         LINE#         273
  C:11DFH         LINE#         274
  C:11E5H         LINE#         276
  C:11EBH         LINE#         278
  C:11F2H         LINE#         279
  -------         ENDPROC       _DELAY_MS
  -------         ENDMOD        MAIN

  -------         MODULE        OLED
  C:0000H         SYMBOL        _ICE_DUMMY_
BL51 BANKED LINKER/LOCATER V6.22.4.0                                                  11/04/2025  22:31:50  PAGE 8


  C:0BC7H         SYMBOL        _float32_to_str
  D:00B0H         PUBLIC        P3
  C:1221H         SYMBOL        _Oled_Write_Command
  C:0EDFH         PUBLIC        Init_OLED
  C:11F3H         SYMBOL        _Oled_Set_Pos
  C:0CDCH         PUBLIC        F6x8
  B:00B0H.4       PUBLIC        sda
  C:1009H         PUBLIC        _Oled_DispString_6x8
  C:0DBAH         SYMBOL        _?ix1000
  B:00B0H.6       PUBLIC        scl
  C:0DCEH         SYMBOL        _?ix1001
  C:1143H         SYMBOL        _I2c_Write_Byte
  C:1231H         SYMBOL        I2c_Start
  C:123AH         SYMBOL        I2c_Stop
  C:10DBH         PUBLIC        _Oled_DispNUM
  C:1211H         SYMBOL        _Oled_Write_Byte
  C:11B0H         PUBLIC        _Oled_Fill
  C:1086H         PUBLIC        _Oled_DispNUM_2
  -------         PROC          _OLED_DISPSTRING_6X8
  D:001FH         SYMBOL        Column
  D:0020H         SYMBOL        Line
  D:0021H         SYMBOL        ch
  -------         DO            
  D:0024H         SYMBOL        c
  D:0025H         SYMBOL        i
  D:0026H         SYMBOL        j
  -------         ENDDO         
  C:1009H         LINE#         74
  C:1013H         LINE#         75
  C:101AH         LINE#         76
  C:102CH         LINE#         77
  C:1032H         LINE#         78
  C:1038H         LINE#         80
  C:103CH         LINE#         81
  C:1048H         LINE#         82
  C:104FH         LINE#         83
  C:1052H         LINE#         84
  C:107BH         LINE#         85
  C:1081H         LINE#         86
  C:1083H         LINE#         87
  C:1085H         LINE#         88
  -------         ENDPROC       _OLED_DISPSTRING_6X8
  -------         PROC          _OLED_DISPNUM
  D:002AH         SYMBOL        Column
  D:002BH         SYMBOL        Line
  D:002CH         SYMBOL        num
  -------         DO            
  D:002DH         SYMBOL        chFloat
  -------         ENDDO         
  C:10DBH         LINE#         93
  C:10E1H         LINE#         94
  C:10F4H         LINE#         95
  C:10FFH         LINE#         96
  -------         ENDPROC       _OLED_DISPNUM
  -------         PROC          _OLED_DISPNUM_2
  D:0008H         SYMBOL        Column
  D:0009H         SYMBOL        Line
BL51 BANKED LINKER/LOCATER V6.22.4.0                                                  11/04/2025  22:31:50  PAGE 9


  D:000AH         SYMBOL        num
  -------         DO            
  D:000BH         SYMBOL        chFloat
  -------         ENDDO         
  C:1086H         LINE#         99
  C:108CH         LINE#         100
  C:109FH         LINE#         101
  C:10AAH         LINE#         102
  C:10B1H         LINE#         103
  C:10BEH         LINE#         104
  C:10CBH         LINE#         105
  C:10CDH         LINE#         106
  C:10DAH         LINE#         107
  C:10DAH         LINE#         108
  -------         ENDPROC       _OLED_DISPNUM_2
  -------         PROC          INIT_OLED
  C:0EDFH         LINE#         110
  C:0EDFH         LINE#         111
  C:0EE6H         LINE#         112
  C:0EEBH         LINE#         113
  C:0EF0H         LINE#         114
  C:0EF5H         LINE#         115
  C:0EFAH         LINE#         116
  C:0EFFH         LINE#         117
  C:0F04H         LINE#         118
  C:0F09H         LINE#         119
  C:0F0EH         LINE#         120
  C:0F13H         LINE#         121
  C:0F18H         LINE#         122
  C:0F1DH         LINE#         123
  C:0F22H         LINE#         124
  C:0F27H         LINE#         125
  C:0F2CH         LINE#         126
  C:0F31H         LINE#         127
  C:0F36H         LINE#         128
  C:0F3BH         LINE#         129
  C:0F40H         LINE#         130
  C:0F45H         LINE#         131
  C:0F4AH         LINE#         132
  C:0F4FH         LINE#         133
  C:0F54H         LINE#         134
  C:0F59H         LINE#         135
  C:0F5EH         LINE#         136
  C:0F63H         LINE#         137
  C:0F68H         LINE#         138
  C:0F6DH         LINE#         139
  C:0F72H         LINE#         140
  C:0F77H         LINE#         141
  -------         ENDPROC       INIT_OLED
  -------         PROC          I2C_START
  C:1231H         LINE#         145
  C:1231H         LINE#         148
  C:1233H         LINE#         149
  C:1235H         LINE#         150
  C:1237H         LINE#         151
  C:1239H         LINE#         152
  -------         ENDPROC       I2C_START
BL51 BANKED LINKER/LOCATER V6.22.4.0                                                  11/04/2025  22:31:50  PAGE 10


  -------         PROC          I2C_STOP
  C:123AH         LINE#         154
  C:123AH         LINE#         155
  C:123CH         LINE#         156
  C:123EH         LINE#         157
  C:1240H         LINE#         158
  C:1242H         LINE#         159
  -------         ENDPROC       I2C_STOP
  -------         PROC          L?0045
  -------         ENDPROC       L?0045
  -------         PROC          _I2C_WRITE_BYTE
  D:0007H         SYMBOL        x
  -------         DO            
  D:0006H         SYMBOL        i
  -------         ENDDO         
  C:1143H         LINE#         161
  C:1143H         LINE#         163
  C:1145H         LINE#         164
  C:1147H         LINE#         165
  C:1147H         LINE#         166
  C:114BH         LINE#         167
  C:114FH         LINE#         169
  C:1151H         LINE#         170
  C:1153H         LINE#         171
  C:1155H         LINE#         172
  C:1159H         LINE#         173
  C:115DH         LINE#         174
  C:115FH         LINE#         175
  C:1161H         LINE#         176
  C:1163H         LINE#         177
  -------         ENDPROC       _I2C_WRITE_BYTE
  -------         PROC          _OLED_WRITE_BYTE
  D:0005H         SYMBOL        x
  C:1211H         LINE#         179
  C:1211H         LINE#         180
  C:1211H         LINE#         181
  C:1214H         LINE#         182
  C:1219H         LINE#         183
  C:121EH         LINE#         184
  -------         ENDPROC       _OLED_WRITE_BYTE
  -------         PROC          _OLED_WRITE_COMMAND
  D:0005H         SYMBOL        x
  C:1221H         LINE#         186
  C:1221H         LINE#         187
  C:1221H         LINE#         188
  C:1224H         LINE#         189
  C:1229H         LINE#         190
  C:122EH         LINE#         191
  -------         ENDPROC       _OLED_WRITE_COMMAND
  -------         PROC          _OLED_FILL
  D:0004H         SYMBOL        x
  -------         DO            
  D:0003H         SYMBOL        i1
  D:0002H         SYMBOL        j1
  -------         ENDDO         
  C:11B0H         LINE#         193
  C:11B2H         LINE#         195
BL51 BANKED LINKER/LOCATER V6.22.4.0                                                  11/04/2025  22:31:50  PAGE 11


  C:11B4H         LINE#         196
  C:11BBH         LINE#         197
  C:11C0H         LINE#         198
  C:11C5H         LINE#         199
  C:11C7H         LINE#         200
  C:11D0H         LINE#         201
  C:11D4H         LINE#         202
  -------         ENDPROC       _OLED_FILL
  -------         PROC          _OLED_SET_POS
  D:0004H         SYMBOL        x
  D:0005H         SYMBOL        y
  C:11F3H         LINE#         204
  C:11F5H         LINE#         205
  C:11FCH         LINE#         206
  C:1208H         LINE#         207
  -------         ENDPROC       _OLED_SET_POS
  -------         PROC          _FLOAT32_TO_STR
  D:001FH         SYMBOL        Num
  D:0020H         SYMBOL        u8Char
  -------         DO            
  D:0023H         SYMBOL        u8_digit
  D:0024H         SYMBOL        i
  D:0025H         SYMBOL        int32_temp
  D:0029H         SYMBOL        u8_temp
  -------         ENDDO         
  C:0BC7H         LINE#         217
  C:0BCFH         LINE#         218
  C:0BCFH         LINE#         219
  C:0BD2H         LINE#         220
  C:0BD4H         LINE#         221
  C:0BDCH         LINE#         224
  C:0BE0H         LINE#         225
  C:0BE5H         LINE#         226
  C:0BF1H         LINE#         228
  C:0BF1H         LINE#         229
  C:0C0AH         LINE#         233
  C:0C0CH         LINE#         234
  C:0C0EH         LINE#         235
  C:0C21H         LINE#         236
  C:0C21H         LINE#         237
  C:0C44H         LINE#         238
  C:0C5DH         LINE#         239
  C:0C5FH         LINE#         240
  C:0C61H         LINE#         241
  C:0C63H         LINE#         244
  C:0C6AH         LINE#         245
  C:0C6AH         LINE#         246
  C:0C7BH         LINE#         247
  C:0C7DH         LINE#         248
  C:0C7DH         LINE#         251
  C:0C8BH         LINE#         252
  C:0C8BH         LINE#         253
  C:0C9CH         LINE#         254
  C:0CBCH         LINE#         255
  C:0CC5H         LINE#         256
  C:0CC9H         LINE#         257
  C:0CD9H         LINE#         258
BL51 BANKED LINKER/LOCATER V6.22.4.0                                                  11/04/2025  22:31:50  PAGE 12


  -------         ENDPROC       _FLOAT32_TO_STR
  -------         ENDMOD        OLED

  -------         MODULE        ?C?COPY
  C:08D0H         PUBLIC        ?C?COPY
  -------         ENDMOD        ?C?COPY

  -------         MODULE        ?C?CLDOPTR
  C:08F6H         PUBLIC        ?C?CLDOPTR
  -------         ENDMOD        ?C?CLDOPTR

  -------         MODULE        ?C?CSTPTR
  C:0923H         PUBLIC        ?C?CSTPTR
  -------         ENDMOD        ?C?CSTPTR

  -------         MODULE        ?C?CSTOPTR
  C:0935H         PUBLIC        ?C?CSTOPTR
  -------         ENDMOD        ?C?CSTOPTR

  -------         MODULE        ?C?IMUL
  C:0957H         PUBLIC        ?C?IMUL
  -------         ENDMOD        ?C?IMUL

  -------         MODULE        ?C?ULDIV
  C:09A5H         PUBLIC        ?C?ULDIV
  -------         ENDMOD        ?C?ULDIV

  -------         MODULE        ?C?ULCMP
  C:0A37H         PUBLIC        ?C?ULCMP
  -------         ENDMOD        ?C?ULCMP

*** WARNING L16: UNCALLED SEGMENT, IGNORED FOR OVERLAY PROCESS
    SEGMENT: ?PR?_OLED_DISPNUM?OLED

******************************************************************************
* RESTRICTED VERSION WITH 0800H BYTE CODE SIZE LIMIT; USED: 0783H BYTE (93%) *
******************************************************************************

Program Size: data=80.0 xdata=0 code=2636
LINK/LOCATE RUN COMPLETE.  1 WARNING(S),  0 ERROR(S)
